
Memory Configuration

Name             Origin             Length             Attributes
flash            0x0000000008000000 0x0000000000020000 xr
sram             0x0000000020000000 0x0000000000005000 xrw
*default*        0x0000000000000000 0xffffffffffffffff

Linker script and memory map


.text           0x0000000008000000       0xd4
 *(.vectors*)
 .vectors       0x0000000008000000       0x50 Startup.o
 *(.text*)
 .text          0x0000000008000050        0x8 Startup.o
 .text          0x0000000008000058       0x7c main.o
                0x0000000008000058                main

.glue_7         0x00000000080000d4        0x0
 .glue_7        0x00000000080000d4        0x0 linker stubs

.glue_7t        0x00000000080000d4        0x0
 .glue_7t       0x00000000080000d4        0x0 linker stubs

.vfp11_veneer   0x00000000080000d4        0x0
 .vfp11_veneer  0x00000000080000d4        0x0 linker stubs

.v4_bx          0x00000000080000d4        0x0
 .v4_bx         0x00000000080000d4        0x0 linker stubs

.iplt           0x00000000080000d4        0x0
 .iplt          0x00000000080000d4        0x0 Startup.o

.rel.dyn        0x00000000080000d4        0x0
 .rel.iplt      0x00000000080000d4        0x0 Startup.o

.data           0x00000000080000d4        0x4
 *(.data)
 .data          0x00000000080000d4        0x0 Startup.o
 .data          0x00000000080000d4        0x4 main.o
                0x00000000080000d4                P_ODR

.igot.plt       0x00000000080000d8        0x0
 .igot.plt      0x00000000080000d8        0x0 Startup.o

.bss            0x0000000020000000        0x0
 *(.bss*)
 .bss           0x0000000020000000        0x0 Startup.o
 .bss           0x0000000020000000        0x0 main.o
LOAD Startup.o
LOAD main.o
OUTPUT(Toogle-led.elf elf32-littlearm)

.ARM.attributes
                0x0000000000000000       0x2f
 .ARM.attributes
                0x0000000000000000       0x21 Startup.o
 .ARM.attributes
                0x0000000000000021       0x33 main.o

.comment        0x0000000000000000       0x7b
 .comment       0x0000000000000000       0x7b main.o
                                         0x7c (size before relaxing)

.debug_line     0x0000000000000000       0xa0
 .debug_line    0x0000000000000000       0x3b Startup.o
 .debug_line    0x000000000000003b       0x65 main.o

.debug_info     0x0000000000000000      0x151
 .debug_info    0x0000000000000000       0x26 Startup.o
 .debug_info    0x0000000000000026      0x12b main.o

.debug_abbrev   0x0000000000000000       0xf2
 .debug_abbrev  0x0000000000000000       0x14 Startup.o
 .debug_abbrev  0x0000000000000014       0xde main.o

.debug_aranges  0x0000000000000000       0x40
 .debug_aranges
                0x0000000000000000       0x20 Startup.o
 .debug_aranges
                0x0000000000000020       0x20 main.o

.debug_str      0x0000000000000000      0x122
 .debug_str     0x0000000000000000       0x2c Startup.o
 .debug_str     0x000000000000002c       0xf6 main.o
                                        0x123 (size before relaxing)

.debug_loc      0x0000000000000000       0x38
 .debug_loc     0x0000000000000000       0x38 main.o

.debug_frame    0x0000000000000000       0x2c
 .debug_frame   0x0000000000000000       0x2c main.o
